// Jest Snapshot v1, https://goo.gl/fbAQLP

exports[`Tooltip renders default Tooltip correctly 1`] = `null`;
